187.121.41.32 - - [04/Nov/2014:20:00:11 +0000] "POST /backend.php HTTP/1.1" 200 164 "https://tt-rss.sigstop.co.uk/" "Mozilla/5.0 (X11; Linux x86_64) AppleWebKit/537.36 (KHTML, like Gecko) Chrome/38.0.2125.111 Safari/537.36"
50.112.95.211 - - [04/Nov/2014:20:00:21 +0000] "GET / HTTP/1.0" 200 8325 "-" "NewRelicPinger/1.0 (763197)"
187.121.41.32 - fornellas [04/Nov/2014:20:00:22 +0000] "PROPFIND /remote.php/webdav/ HTTP/1.1" 207 490 "-" "Mozilla/5.0 (Linux) mirall/1.6.4"
187.121.41.32 - fornellas [04/Nov/2014:20:00:22 +0000] "PROPFIND /remote.php/webdav/ HTTP/1.1" 207 1193 "-" "Mozilla/5.0 (Linux) mirall/1.6.4"
54.247.188.179 - - [04/Nov/2014:20:00:35 +0000] "GET / HTTP/1.0" 200 8325 "-" "NewRelicPinger/1.0 (763197)"
50.31.164.139 - - [04/Nov/2014:20:00:37 +0000] "GET / HTTP/1.0" 200 8325 "-" "NewRelicPinger/1.0 (763197)"
54.251.34.67 - - [04/Nov/2014:20:00:47 +0000] "GET / HTTP/1.0" 200 8325 "-" "NewRelicPinger/1.0 (763197)"
187.121.41.32 - fornellas [04/Nov/2014:20:00:52 +0000] "PROPFIND /remote.php/webdav/ HTTP/1.1" 207 490 "-" "Mozilla/5.0 (Linux) mirall/1.6.4"
187.121.41.32 - fornellas [04/Nov/2014:20:00:52 +0000] "PROPFIND /remote.php/webdav/ HTTP/1.1" 207 1193 "-" "Mozilla/5.0 (Linux) mirall/1.6.4"
187.121.41.32 - - [04/Nov/2014:20:01:11 +0000] "POST /backend.php HTTP/1.1" 200 164 "https://tt-rss.sigstop.co.uk/" "Mozilla/5.0 (X11; Linux x86_64) AppleWebKit/537.36 (KHTML, like Gecko) Chrome/38.0.2125.111 Safari/537.36"
187.121.41.32 - fornellas [04/Nov/2014:20:01:22 +0000] "PROPFIND /remote.php/webdav/ HTTP/1.1" 207 1193 "-" "Mozilla/5.0 (Linux) mirall/1.6.4"
187.121.41.32 - fornellas [04/Nov/2014:20:01:22 +0000] "PROPFIND /remote.php/webdav/ HTTP/1.1" 207 490 "-" "Mozilla/5.0 (Linux) mirall/1.6.4"
184.73.237.85 - - [04/Nov/2014:20:01:25 +0000] "GET / HTTP/1.0" 200 8325 "-" "NewRelicPinger/1.0 (763197)"
187.121.41.32 - fornellas [04/Nov/2014:20:01:52 +0000] "PROPFIND /remote.php/webdav/ HTTP/1.1" 207 1193 "-" "Mozilla/5.0 (Linux) mirall/1.6.4"
187.121.41.32 - fornellas [04/Nov/2014:20:01:53 +0000] "PROPFIND /remote.php/webdav/ HTTP/1.1" 207 490 "-" "Mozilla/5.0 (Linux) mirall/1.6.4"
187.121.41.32 - - [04/Nov/2014:20:02:12 +0000] "POST /backend.php HTTP/1.1" 200 164 "https://tt-rss.sigstop.co.uk/" "Mozilla/5.0 (X11; Linux x86_64) AppleWebKit/537.36 (KHTML, like Gecko) Chrome/38.0.2125.111 Safari/537.36"
187.121.41.32 - fornellas [04/Nov/2014:20:02:22 +0000] "PROPFIND /remote.php/webdav/ HTTP/1.1" 207 1193 "-" "Mozilla/5.0 (Linux) mirall/1.6.4"
187.121.41.32 - fornellas [04/Nov/2014:20:02:23 +0000] "PROPFIND /remote.php/webdav/ HTTP/1.1" 207 490 "-" "Mozilla/5.0 (Linux) mirall/1.6.4"
54.248.250.232 - - [04/Nov/2014:20:02:45 +0000] "GET / HTTP/1.0" 200 8325 "-" "NewRelicPinger/1.0 (763197)"
187.121.41.32 - fornellas [04/Nov/2014:20:02:52 +0000] "PROPFIND /remote.php/webdav/ HTTP/1.1" 207 1193 "-" "Mozilla/5.0 (Linux) mirall/1.6.4"
187.121.41.32 - fornellas [04/Nov/2014:20:02:54 +0000] "PROPFIND /remote.php/webdav/ HTTP/1.1" 207 490 "-" "Mozilla/5.0 (Linux) mirall/1.6.4"
187.121.41.32 - - [04/Nov/2014:20:03:13 +0000] "POST /backend.php HTTP/1.1" 200 164 "https://tt-rss.sigstop.co.uk/" "Mozilla/5.0 (X11; Linux x86_64) AppleWebKit/537.36 (KHTML, like Gecko) Chrome/38.0.2125.111 Safari/537.36"
50.112.95.211 - - [04/Nov/2014:20:03:21 +0000] "GET / HTTP/1.0" 200 8325 "-" "NewRelicPinger/1.0 (763197)"
187.121.41.32 - - [04/Nov/2014:20:03:24 +0000] "PROPFIND /remote.php/webdav HTTP/1.1" 207 2081 "-" "Mozilla/5.0 (Linux) csyncoC/0.91.5 neon/0.30.0"
187.121.41.32 - fornellas [04/Nov/2014:20:03:25 +0000] "PROPFIND /remote.php/webdav/ HTTP/1.1" 207 490 "-" "Mozilla/5.0 (Linux) mirall/1.6.4"
54.247.188.179 - - [04/Nov/2014:20:03:35 +0000] "GET / HTTP/1.0" 200 8325 "-" "NewRelicPinger/1.0 (763197)"
50.31.164.139 - - [04/Nov/2014:20:03:37 +0000] "GET / HTTP/1.0" 200 8325 "-" "NewRelicPinger/1.0 (763197)"
54.251.34.67 - - [04/Nov/2014:20:03:45 +0000] "GET / HTTP/1.0" 200 8325 "-" "NewRelicPinger/1.0 (763197)"
187.121.41.32 - fornellas [04/Nov/2014:20:03:55 +0000] "PROPFIND /remote.php/webdav/ HTTP/1.1" 207 1193 "-" "Mozilla/5.0 (Linux) mirall/1.6.4"
187.121.41.32 - fornellas [04/Nov/2014:20:03:55 +0000] "PROPFIND /remote.php/webdav/ HTTP/1.1" 207 490 "-" "Mozilla/5.0 (Linux) mirall/1.6.4"
187.121.41.32 - - [04/Nov/2014:20:04:13 +0000] "POST /backend.php HTTP/1.1" 200 4452 "https://tt-rss.sigstop.co.uk/" "Mozilla/5.0 (X11; Linux x86_64) AppleWebKit/537.36 (KHTML, like Gecko) Chrome/38.0.2125.111 Safari/537.36"
192.81.212.55 - - [04/Nov/2014:20:04:16 +0000] "GET /site2rss/myrcmart.xml HTTP/1.1" 200 69607 "-" "Tiny Tiny RSS/1.14 (http://tt-rss.org/)"
187.121.41.32 - fornellas [04/Nov/2014:20:04:25 +0000] "PROPFIND /remote.php/webdav/ HTTP/1.1" 207 1193 "-" "Mozilla/5.0 (Linux) mirall/1.6.4"
184.73.237.85 - - [04/Nov/2014:20:04:25 +0000] "GET / HTTP/1.0" 200 8325 "-" "NewRelicPinger/1.0 (763197)"
187.121.41.32 - fornellas [04/Nov/2014:20:04:26 +0000] "PROPFIND /remote.php/webdav/ HTTP/1.1" 207 490 "-" "Mozilla/5.0 (Linux) mirall/1.6.4"
187.121.41.32 - fornellas [04/Nov/2014:20:04:55 +0000] "PROPFIND /remote.php/webdav/ HTTP/1.1" 207 1193 "-" "Mozilla/5.0 (Linux) mirall/1.6.4"
187.121.41.32 - fornellas [04/Nov/2014:20:04:56 +0000] "PROPFIND /remote.php/webdav/ HTTP/1.1" 207 490 "-" "Mozilla/5.0 (Linux) mirall/1.6.4"
192.81.212.55 - - [04/Nov/2014:20:05:12 +0000] "GET /site2rss/banggood_rc_toys_and_hobbies.xml HTTP/1.1" 200 0 "-" "Tiny Tiny RSS/1.14 (http://tt-rss.org/)"
187.121.41.32 - - [04/Nov/2014:20:05:13 +0000] "POST /backend.php HTTP/1.1" 200 164 "https://tt-rss.sigstop.co.uk/" "Mozilla/5.0 (X11; Linux x86_64) AppleWebKit/537.36 (KHTML, like Gecko) Chrome/38.0.2125.111 Safari/537.36"
187.121.41.32 - fornellas [04/Nov/2014:20:05:25 +0000] "PROPFIND /remote.php/webdav/ HTTP/1.1" 207 1193 "-" "Mozilla/5.0 (Linux) mirall/1.6.4"
187.121.41.32 - fornellas [04/Nov/2014:20:05:26 +0000] "PROPFIND /remote.php/webdav/ HTTP/1.1" 207 490 "-" "Mozilla/5.0 (Linux) mirall/1.6.4"
54.248.250.232 - - [04/Nov/2014:20:05:45 +0000] "GET / HTTP/1.0" 200 8325 "-" "NewRelicPinger/1.0 (763197)"
187.121.41.32 - fornellas [04/Nov/2014:20:05:55 +0000] "PROPFIND /remote.php/webdav/ HTTP/1.1" 207 1193 "-" "Mozilla/5.0 (Linux) mirall/1.6.4"
187.121.41.32 - fornellas [04/Nov/2014:20:05:57 +0000] "PROPFIND /remote.php/webdav/ HTTP/1.1" 207 490 "-" "Mozilla/5.0 (Linux) mirall/1.6.4"
187.121.41.32 - - [04/Nov/2014:20:06:13 +0000] "POST /backend.php HTTP/1.1" 200 165 "https://tt-rss.sigstop.co.uk/" "Mozilla/5.0 (X11; Linux x86_64) AppleWebKit/537.36 (KHTML, like Gecko) Chrome/38.0.2125.111 Safari/537.36"
50.112.95.211 - - [04/Nov/2014:20:06:21 +0000] "GET / HTTP/1.0" 200 8325 "-" "NewRelicPinger/1.0 (763197)"
187.121.41.32 - fornellas [04/Nov/2014:20:06:25 +0000] "PROPFIND /remote.php/webdav/ HTTP/1.1" 207 1193 "-" "Mozilla/5.0 (Linux) mirall/1.6.4"
187.121.41.32 - fornellas [04/Nov/2014:20:06:27 +0000] "PROPFIND /remote.php/webdav/ HTTP/1.1" 207 490 "-" "Mozilla/5.0 (Linux) mirall/1.6.4"
54.247.188.179 - - [04/Nov/2014:20:06:35 +0000] "GET / HTTP/1.0" 200 8325 "-" "NewRelicPinger/1.0 (763197)"
50.31.164.139 - - [04/Nov/2014:20:06:37 +0000] "GET / HTTP/1.0" 200 8325 "-" "NewRelicPinger/1.0 (763197)"
54.251.34.67 - - [04/Nov/2014:20:06:45 +0000] "GET / HTTP/1.0" 200 8325 "-" "NewRelicPinger/1.0 (763197)"
187.121.41.32 - fornellas [04/Nov/2014:20:06:55 +0000] "PROPFIND /remote.php/webdav/ HTTP/1.1" 207 1193 "-" "Mozilla/5.0 (Linux) mirall/1.6.4"
187.121.41.32 - fornellas [04/Nov/2014:20:06:58 +0000] "PROPFIND /remote.php/webdav/ HTTP/1.1" 207 490 "-" "Mozilla/5.0 (Linux) mirall/1.6.4"
187.121.41.32 - - [04/Nov/2014:20:07:13 +0000] "POST /backend.php HTTP/1.1" 200 165 "https://tt-rss.sigstop.co.uk/" "Mozilla/5.0 (X11; Linux x86_64) AppleWebKit/537.36 (KHTML, like Gecko) Chrome/38.0.2125.111 Safari/537.36"
187.121.41.32 - fornellas [04/Nov/2014:20:07:25 +0000] "PROPFIND /remote.php/webdav/ HTTP/1.1" 207 1193 "-" "Mozilla/5.0 (Linux) mirall/1.6.4"
184.73.237.85 - - [04/Nov/2014:20:07:25 +0000] "GET / HTTP/1.0" 200 8325 "-" "NewRelicPinger/1.0 (763197)"
187.121.41.32 - fornellas [04/Nov/2014:20:07:28 +0000] "PROPFIND /remote.php/webdav/ HTTP/1.1" 207 490 "-" "Mozilla/5.0 (Linux) mirall/1.6.4"
187.121.41.32 - fornellas [04/Nov/2014:20:07:55 +0000] "PROPFIND /remote.php/webdav/ HTTP/1.1" 207 1193 "-" "Mozilla/5.0 (Linux) mirall/1.6.4"
187.121.41.32 - fornellas [04/Nov/2014:20:07:59 +0000] "PROPFIND /remote.php/webdav/ HTTP/1.1" 207 490 "-" "Mozilla/5.0 (Linux) mirall/1.6.4"
187.121.41.32 - - [04/Nov/2014:20:08:13 +0000] "POST /backend.php HTTP/1.1" 200 165 "https://tt-rss.sigstop.co.uk/" "Mozilla/5.0 (X11; Linux x86_64) AppleWebKit/537.36 (KHTML, like Gecko) Chrome/38.0.2125.111 Safari/537.36"
187.121.41.32 - - [04/Nov/2014:20:08:26 +0000] "PROPFIND /remote.php/webdav HTTP/1.1" 207 2081 "-" "Mozilla/5.0 (Linux) csyncoC/0.91.5 neon/0.30.0"
187.121.41.32 - fornellas [04/Nov/2014:20:08:29 +0000] "PROPFIND /remote.php/webdav/ HTTP/1.1" 207 490 "-" "Mozilla/5.0 (Linux) mirall/1.6.4"
54.248.250.232 - - [04/Nov/2014:20:08:45 +0000] "GET / HTTP/1.0" 200 8325 "-" "NewRelicPinger/1.0 (763197)"
187.121.41.32 - fornellas [04/Nov/2014:20:08:57 +0000] "PROPFIND /remote.php/webdav/ HTTP/1.1" 207 1193 "-" "Mozilla/5.0 (Linux) mirall/1.6.4"
187.121.41.32 - fornellas [04/Nov/2014:20:09:00 +0000] "PROPFIND /remote.php/webdav/ HTTP/1.1" 207 490 "-" "Mozilla/5.0 (Linux) mirall/1.6.4"
187.121.41.32 - - [04/Nov/2014:20:09:13 +0000] "POST /backend.php HTTP/1.1" 200 4453 "https://tt-rss.sigstop.co.uk/" "Mozilla/5.0 (X11; Linux x86_64) AppleWebKit/537.36 (KHTML, like Gecko) Chrome/38.0.2125.111 Safari/537.36"
50.112.95.211 - - [04/Nov/2014:20:09:21 +0000] "GET / HTTP/1.0" 200 8325 "-" "NewRelicPinger/1.0 (763197)"
187.121.41.32 - fornellas [04/Nov/2014:20:09:27 +0000] "PROPFIND /remote.php/webdav/ HTTP/1.1" 207 1193 "-" "Mozilla/5.0 (Linux) mirall/1.6.4"
187.121.41.32 - fornellas [04/Nov/2014:20:09:30 +0000] "PROPFIND /remote.php/webdav/ HTTP/1.1" 207 490 "-" "Mozilla/5.0 (Linux) mirall/1.6.4"
50.31.164.139 - - [04/Nov/2014:20:09:37 +0000] "GET / HTTP/1.0" 200 8325 "-" "NewRelicPinger/1.0 (763197)"
54.247.188.179 - - [04/Nov/2014:20:09:38 +0000] "GET / HTTP/1.0" 200 8325 "-" "NewRelicPinger/1.0 (763197)"
54.251.34.67 - - [04/Nov/2014:20:09:45 +0000] "GET / HTTP/1.0" 200 8325 "-" "NewRelicPinger/1.0 (763197)"
187.121.41.32 - fornellas [04/Nov/2014:20:09:57 +0000] "PROPFIND /remote.php/webdav/ HTTP/1.1" 207 1193 "-" "Mozilla/5.0 (Linux) mirall/1.6.4"
187.121.41.32 - fornellas [04/Nov/2014:20:10:00 +0000] "PROPFIND /remote.php/webdav/ HTTP/1.1" 207 490 "-" "Mozilla/5.0 (Linux) mirall/1.6.4"
187.121.41.32 - - [04/Nov/2014:20:10:13 +0000] "POST /backend.php HTTP/1.1" 200 165 "https://tt-rss.sigstop.co.uk/" "Mozilla/5.0 (X11; Linux x86_64) AppleWebKit/537.36 (KHTML, like Gecko) Chrome/38.0.2125.111 Safari/537.36"
184.73.237.85 - - [04/Nov/2014:20:10:26 +0000] "GET / HTTP/1.0" 200 8325 "-" "NewRelicPinger/1.0 (763197)"
187.121.41.32 - fornellas [04/Nov/2014:20:10:27 +0000] "PROPFIND /remote.php/webdav/ HTTP/1.1" 207 1193 "-" "Mozilla/5.0 (Linux) mirall/1.6.4"
187.121.41.32 - fornellas [04/Nov/2014:20:10:31 +0000] "PROPFIND /remote.php/webdav/ HTTP/1.1" 207 490 "-" "Mozilla/5.0 (Linux) mirall/1.6.4"
187.121.41.32 - fornellas [04/Nov/2014:20:10:57 +0000] "PROPFIND /remote.php/webdav/ HTTP/1.1" 207 1193 "-" "Mozilla/5.0 (Linux) mirall/1.6.4"
187.121.41.32 - fornellas [04/Nov/2014:20:11:01 +0000] "PROPFIND /remote.php/webdav/ HTTP/1.1" 207 490 "-" "Mozilla/5.0 (Linux) mirall/1.6.4"
187.121.41.32 - - [04/Nov/2014:20:11:13 +0000] "POST /backend.php HTTP/1.1" 200 4453 "https://tt-rss.sigstop.co.uk/" "Mozilla/5.0 (X11; Linux x86_64) AppleWebKit/537.36 (KHTML, like Gecko) Chrome/38.0.2125.111 Safari/537.36"
187.121.41.32 - fornellas [04/Nov/2014:20:11:27 +0000] "PROPFIND /remote.php/webdav/ HTTP/1.1" 207 1193 "-" "Mozilla/5.0 (Linux) mirall/1.6.4"
187.121.41.32 - fornellas [04/Nov/2014:20:11:32 +0000] "PROPFIND /remote.php/webdav/ HTTP/1.1" 207 490 "-" "Mozilla/5.0 (Linux) mirall/1.6.4"
54.248.250.232 - - [04/Nov/2014:20:11:45 +0000] "GET / HTTP/1.0" 200 8325 "-" "NewRelicPinger/1.0 (763197)"
187.121.41.32 - fornellas [04/Nov/2014:20:11:57 +0000] "PROPFIND /remote.php/webdav/ HTTP/1.1" 207 1193 "-" "Mozilla/5.0 (Linux) mirall/1.6.4"
187.121.41.32 - fornellas [04/Nov/2014:20:12:02 +0000] "PROPFIND /remote.php/webdav/ HTTP/1.1" 207 490 "-" "Mozilla/5.0 (Linux) mirall/1.6.4"
187.121.41.32 - - [04/Nov/2014:20:12:13 +0000] "POST /backend.php HTTP/1.1" 200 165 "https://tt-rss.sigstop.co.uk/" "Mozilla/5.0 (X11; Linux x86_64) AppleWebKit/537.36 (KHTML, like Gecko) Chrome/38.0.2125.111 Safari/537.36"
50.112.95.211 - - [04/Nov/2014:20:12:21 +0000] "GET / HTTP/1.0" 200 8325 "-" "NewRelicPinger/1.0 (763197)"
187.121.41.32 - fornellas [04/Nov/2014:20:12:27 +0000] "PROPFIND /remote.php/webdav/ HTTP/1.1" 207 1193 "-" "Mozilla/5.0 (Linux) mirall/1.6.4"
187.121.41.32 - fornellas [04/Nov/2014:20:12:33 +0000] "PROPFIND /remote.php/webdav/ HTTP/1.1" 207 490 "-" "Mozilla/5.0 (Linux) mirall/1.6.4"
54.247.188.179 - - [04/Nov/2014:20:12:36 +0000] "GET / HTTP/1.0" 200 8325 "-" "NewRelicPinger/1.0 (763197)"
50.31.164.139 - - [04/Nov/2014:20:12:37 +0000] "GET / HTTP/1.0" 200 8325 "-" "NewRelicPinger/1.0 (763197)"
54.251.34.67 - - [04/Nov/2014:20:12:44 +0000] "GET / HTTP/1.0" 200 8325 "-" "NewRelicPinger/1.0 (763197)"
187.121.41.32 - fornellas [04/Nov/2014:20:12:57 +0000] "PROPFIND /remote.php/webdav/ HTTP/1.1" 207 1193 "-" "Mozilla/5.0 (Linux) mirall/1.6.4"
187.121.41.32 - fornellas [04/Nov/2014:20:13:03 +0000] "PROPFIND /remote.php/webdav/ HTTP/1.1" 207 490 "-" "Mozilla/5.0 (Linux) mirall/1.6.4"
187.121.41.32 - - [04/Nov/2014:20:13:13 +0000] "POST /backend.php HTTP/1.1" 200 165 "https://tt-rss.sigstop.co.uk/" "Mozilla/5.0 (X11; Linux x86_64) AppleWebKit/537.36 (KHTML, like Gecko) Chrome/38.0.2125.111 Safari/537.36"
184.73.237.85 - - [04/Nov/2014:20:13:26 +0000] "GET / HTTP/1.0" 200 8325 "-" "NewRelicPinger/1.0 (763197)"
187.121.41.32 - - [04/Nov/2014:20:13:29 +0000] "PROPFIND /remote.php/webdav HTTP/1.1" 207 2081 "-" "Mozilla/5.0 (Linux) csyncoC/0.91.5 neon/0.30.0"
187.121.41.32 - fornellas [04/Nov/2014:20:13:34 +0000] "PROPFIND /remote.php/webdav/ HTTP/1.1" 207 490 "-" "Mozilla/5.0 (Linux) mirall/1.6.4"
187.121.41.32 - fornellas [04/Nov/2014:20:14:00 +0000] "PROPFIND /remote.php/webdav/ HTTP/1.1" 207 1193 "-" "Mozilla/5.0 (Linux) mirall/1.6.4"
187.121.41.32 - fornellas [04/Nov/2014:20:14:04 +0000] "PROPFIND /remote.php/webdav/ HTTP/1.1" 207 490 "-" "Mozilla/5.0 (Linux) mirall/1.6.4"
187.121.41.32 - - [04/Nov/2014:20:14:13 +0000] "POST /backend.php HTTP/1.1" 200 165 "https://tt-rss.sigstop.co.uk/" "Mozilla/5.0 (X11; Linux x86_64) AppleWebKit/537.36 (KHTML, like Gecko) Chrome/38.0.2125.111 Safari/537.36"
187.121.41.32 - fornellas [04/Nov/2014:20:14:30 +0000] "PROPFIND /remote.php/webdav/ HTTP/1.1" 207 1193 "-" "Mozilla/5.0 (Linux) mirall/1.6.4"
187.121.41.32 - fornellas [04/Nov/2014:20:14:34 +0000] "PROPFIND /remote.php/webdav/ HTTP/1.1" 207 490 "-" "Mozilla/5.0 (Linux) mirall/1.6.4"
54.248.250.232 - - [04/Nov/2014:20:14:45 +0000] "GET / HTTP/1.0" 200 8325 "-" "NewRelicPinger/1.0 (763197)"
187.121.41.32 - fornellas [04/Nov/2014:20:15:00 +0000] "PROPFIND /remote.php/webdav/ HTTP/1.1" 207 1193 "-" "Mozilla/5.0 (Linux) mirall/1.6.4"
187.121.41.32 - fornellas [04/Nov/2014:20:15:05 +0000] "PROPFIND /remote.php/webdav/ HTTP/1.1" 207 490 "-" "Mozilla/5.0 (Linux) mirall/1.6.4"
192.81.212.55 - - [04/Nov/2014:20:15:06 +0000] "GET /site2rss/elecfreaks.xml HTTP/1.1" 200 0 "-" "Tiny Tiny RSS/1.14 (http://tt-rss.org/)"
187.121.41.32 - - [04/Nov/2014:20:15:15 +0000] "POST /backend.php HTTP/1.1" 200 165 "https://tt-rss.sigstop.co.uk/" "Mozilla/5.0 (X11; Linux x86_64) AppleWebKit/537.36 (KHTML, like Gecko) Chrome/38.0.2125.111 Safari/537.36"
50.112.95.211 - - [04/Nov/2014:20:15:21 +0000] "GET / HTTP/1.0" 200 8325 "-" "NewRelicPinger/1.0 (763197)"
187.121.41.32 - fornellas [04/Nov/2014:20:15:31 +0000] "PROPFIND /remote.php/webdav/ HTTP/1.1" 207 1193 "-" "Mozilla/5.0 (Linux) mirall/1.6.4"
187.121.41.32 - fornellas [04/Nov/2014:20:15:35 +0000] "PROPFIND /remote.php/webdav/ HTTP/1.1" 207 490 "-" "Mozilla/5.0 (Linux) mirall/1.6.4"
54.247.188.179 - - [04/Nov/2014:20:15:36 +0000] "GET / HTTP/1.0" 200 8325 "-" "NewRelicPinger/1.0 (763197)"
50.31.164.139 - - [04/Nov/2014:20:15:37 +0000] "GET / HTTP/1.0" 200 8325 "-" "NewRelicPinger/1.0 (763197)"
54.251.34.67 - - [04/Nov/2014:20:15:44 +0000] "GET / HTTP/1.0" 200 8325 "-" "NewRelicPinger/1.0 (763197)"
187.121.41.32 - fornellas [04/Nov/2014:20:16:00 +0000] "PROPFIND /remote.php/webdav/ HTTP/1.1" 207 1193 "-" "Mozilla/5.0 (Linux) mirall/1.6.4"
187.121.41.32 - fornellas [04/Nov/2014:20:16:06 +0000] "PROPFIND /remote.php/webdav/ HTTP/1.1" 207 490 "-" "Mozilla/5.0 (Linux) mirall/1.6.4"
187.121.41.32 - - [04/Nov/2014:20:16:14 +0000] "POST /backend.php HTTP/1.1" 200 165 "https://tt-rss.sigstop.co.uk/" "Mozilla/5.0 (X11; Linux x86_64) AppleWebKit/537.36 (KHTML, like Gecko) Chrome/38.0.2125.111 Safari/537.36"
184.73.237.85 - - [04/Nov/2014:20:16:25 +0000] "GET / HTTP/1.0" 200 8325 "-" "NewRelicPinger/1.0 (763197)"
187.121.41.32 - fornellas [04/Nov/2014:20:16:30 +0000] "PROPFIND /remote.php/webdav/ HTTP/1.1" 207 1193 "-" "Mozilla/5.0 (Linux) mirall/1.6.4"
187.121.41.32 - fornellas [04/Nov/2014:20:16:36 +0000] "PROPFIND /remote.php/webdav/ HTTP/1.1" 207 490 "-" "Mozilla/5.0 (Linux) mirall/1.6.4"
187.121.41.32 - - [04/Nov/2014:20:16:44 +0000] "POST /backend.php HTTP/1.1" 200 57 "https://tt-rss.sigstop.co.uk/" "Mozilla/5.0 (X11; Linux x86_64) AppleWebKit/537.36 (KHTML, like Gecko) Chrome/38.0.2125.111 Safari/537.36"
187.121.41.32 - - [04/Nov/2014:20:16:44 +0000] "POST /backend.php HTTP/1.1" 200 57 "https://tt-rss.sigstop.co.uk/" "Mozilla/5.0 (X11; Linux x86_64) AppleWebKit/537.36 (KHTML, like Gecko) Chrome/38.0.2125.111 Safari/537.36"
187.121.41.32 - - [04/Nov/2014:20:16:44 +0000] "POST /backend.php HTTP/1.1" 200 4478 "https://tt-rss.sigstop.co.uk/" "Mozilla/5.0 (X11; Linux x86_64) AppleWebKit/537.36 (KHTML, like Gecko) Chrome/38.0.2125.111 Safari/537.36"
187.121.41.32 - - [04/Nov/2014:20:16:45 +0000] "POST /backend.php HTTP/1.1" 200 4478 "https://tt-rss.sigstop.co.uk/" "Mozilla/5.0 (X11; Linux x86_64) AppleWebKit/537.36 (KHTML, like Gecko) Chrome/38.0.2125.111 Safari/537.36"
187.121.41.32 - - [04/Nov/2014:20:16:47 +0000] "POST /backend.php HTTP/1.1" 200 57 "https://tt-rss.sigstop.co.uk/" "Mozilla/5.0 (X11; Linux x86_64) AppleWebKit/537.36 (KHTML, like Gecko) Chrome/38.0.2125.111 Safari/537.36"
187.121.41.32 - - [04/Nov/2014:20:16:47 +0000] "POST /backend.php HTTP/1.1" 200 4478 "https://tt-rss.sigstop.co.uk/" "Mozilla/5.0 (X11; Linux x86_64) AppleWebKit/537.36 (KHTML, like Gecko) Chrome/38.0.2125.111 Safari/537.36"
187.121.41.32 - fornellas [04/Nov/2014:20:17:00 +0000] "PROPFIND /remote.php/webdav/ HTTP/1.1" 207 1193 "-" "Mozilla/5.0 (Linux) mirall/1.6.4"
187.121.41.32 - - [04/Nov/2014:20:17:04 +0000] "POST /backend.php HTTP/1.1" 200 57 "https://tt-rss.sigstop.co.uk/" "Mozilla/5.0 (X11; Linux x86_64) AppleWebKit/537.36 (KHTML, like Gecko) Chrome/38.0.2125.111 Safari/537.36"
187.121.41.32 - - [04/Nov/2014:20:17:05 +0000] "-" 400 0 "-" "-"
187.121.41.32 - - [04/Nov/2014:20:17:05 +0000] "-" 400 0 "-" "-"
187.121.41.32 - - [04/Nov/2014:20:17:05 +0000] "POST /backend.php HTTP/1.1" 200 4478 "https://tt-rss.sigstop.co.uk/" "Mozilla/5.0 (X11; Linux x86_64) AppleWebKit/537.36 (KHTML, like Gecko) Chrome/38.0.2125.111 Safari/537.36"
187.121.41.32 - fornellas [04/Nov/2014:20:17:07 +0000] "PROPFIND /remote.php/webdav/ HTTP/1.1" 207 490 "-" "Mozilla/5.0 (Linux) mirall/1.6.4"
187.121.41.32 - - [04/Nov/2014:20:17:07 +0000] "POST /backend.php HTTP/1.1" 200 57 "https://tt-rss.sigstop.co.uk/" "Mozilla/5.0 (X11; Linux x86_64) AppleWebKit/537.36 (KHTML, like Gecko) Chrome/38.0.2125.111 Safari/537.36"
187.121.41.32 - - [04/Nov/2014:20:17:08 +0000] "POST /backend.php HTTP/1.1" 200 4478 "https://tt-rss.sigstop.co.uk/" "Mozilla/5.0 (X11; Linux x86_64) AppleWebKit/537.36 (KHTML, like Gecko) Chrome/38.0.2125.111 Safari/537.36"
187.121.41.32 - - [04/Nov/2014:20:17:12 +0000] "POST /backend.php HTTP/1.1" 200 57 "https://tt-rss.sigstop.co.uk/" "Mozilla/5.0 (X11; Linux x86_64) AppleWebKit/537.36 (KHTML, like Gecko) Chrome/38.0.2125.111 Safari/537.36"
187.121.41.32 - - [04/Nov/2014:20:17:13 +0000] "POST /backend.php HTTP/1.1" 200 4478 "https://tt-rss.sigstop.co.uk/" "Mozilla/5.0 (X11; Linux x86_64) AppleWebKit/537.36 (KHTML, like Gecko) Chrome/38.0.2125.111 Safari/537.36"
187.121.41.32 - - [04/Nov/2014:20:17:16 +0000] "POST /backend.php HTTP/1.1" 200 57 "https://tt-rss.sigstop.co.uk/" "Mozilla/5.0 (X11; Linux x86_64) AppleWebKit/537.36 (KHTML, like Gecko) Chrome/38.0.2125.111 Safari/537.36"
187.121.41.32 - - [04/Nov/2014:20:17:16 +0000] "POST /backend.php HTTP/1.1" 200 4478 "https://tt-rss.sigstop.co.uk/" "Mozilla/5.0 (X11; Linux x86_64) AppleWebKit/537.36 (KHTML, like Gecko) Chrome/38.0.2125.111 Safari/537.36"
187.121.41.32 - fornellas [04/Nov/2014:20:17:30 +0000] "PROPFIND /remote.php/webdav/ HTTP/1.1" 207 1193 "-" "Mozilla/5.0 (Linux) mirall/1.6.4"
187.121.41.32 - - [04/Nov/2014:20:17:33 +0000] "POST /backend.php HTTP/1.1" 200 57 "https://tt-rss.sigstop.co.uk/" "Mozilla/5.0 (X11; Linux x86_64) AppleWebKit/537.36 (KHTML, like Gecko) Chrome/38.0.2125.111 Safari/537.36"
187.121.41.32 - - [04/Nov/2014:20:17:33 +0000] "POST /backend.php HTTP/1.1" 200 4478 "https://tt-rss.sigstop.co.uk/" "Mozilla/5.0 (X11; Linux x86_64) AppleWebKit/537.36 (KHTML, like Gecko) Chrome/38.0.2125.111 Safari/537.36"
187.121.41.32 - fornellas [04/Nov/2014:20:17:37 +0000] "PROPFIND /remote.php/webdav/ HTTP/1.1" 207 490 "-" "Mozilla/5.0 (Linux) mirall/1.6.4"
187.121.41.32 - - [04/Nov/2014:20:17:45 +0000] "POST /backend.php HTTP/1.1" 200 219274 "https://tt-rss.sigstop.co.uk/" "Mozilla/5.0 (X11; Linux x86_64) AppleWebKit/537.36 (KHTML, like Gecko) Chrome/38.0.2125.111 Safari/537.36"
187.121.41.32 - - [04/Nov/2014:20:17:45 +0000] "POST /backend.php HTTP/1.1" 200 4478 "https://tt-rss.sigstop.co.uk/" "Mozilla/5.0 (X11; Linux x86_64) AppleWebKit/537.36 (KHTML, like Gecko) Chrome/38.0.2125.111 Safari/537.36"
54.248.250.232 - - [04/Nov/2014:20:17:45 +0000] "GET / HTTP/1.0" 200 8325 "-" "NewRelicPinger/1.0 (763197)"
187.121.41.32 - - [04/Nov/2014:20:17:46 +0000] "POST /backend.php HTTP/1.1" 200 57 "https://tt-rss.sigstop.co.uk/" "Mozilla/5.0 (X11; Linux x86_64) AppleWebKit/537.36 (KHTML, like Gecko) Chrome/38.0.2125.111 Safari/537.36"
187.121.41.32 - - [04/Nov/2014:20:17:46 +0000] "POST /backend.php HTTP/1.1" 200 57 "https://tt-rss.sigstop.co.uk/" "Mozilla/5.0 (X11; Linux x86_64) AppleWebKit/537.36 (KHTML, like Gecko) Chrome/38.0.2125.111 Safari/537.36"
187.121.41.32 - - [04/Nov/2014:20:17:47 +0000] "POST /backend.php HTTP/1.1" 200 4478 "https://tt-rss.sigstop.co.uk/" "Mozilla/5.0 (X11; Linux x86_64) AppleWebKit/537.36 (KHTML, like Gecko) Chrome/38.0.2125.111 Safari/537.36"
187.121.41.32 - - [04/Nov/2014:20:17:47 +0000] "POST /backend.php HTTP/1.1" 200 4478 "https://tt-rss.sigstop.co.uk/" "Mozilla/5.0 (X11; Linux x86_64) AppleWebKit/537.36 (KHTML, like Gecko) Chrome/38.0.2125.111 Safari/537.36"
187.121.41.32 - - [04/Nov/2014:20:17:48 +0000] "POST /backend.php HTTP/1.1" 200 57 "https://tt-rss.sigstop.co.uk/" "Mozilla/5.0 (X11; Linux x86_64) AppleWebKit/537.36 (KHTML, like Gecko) Chrome/38.0.2125.111 Safari/537.36"
187.121.41.32 - - [04/Nov/2014:20:17:49 +0000] "POST /backend.php HTTP/1.1" 200 4478 "https://tt-rss.sigstop.co.uk/" "Mozilla/5.0 (X11; Linux x86_64) AppleWebKit/537.36 (KHTML, like Gecko) Chrome/38.0.2125.111 Safari/537.36"
187.121.41.32 - - [04/Nov/2014:20:17:52 +0000] "POST /backend.php HTTP/1.1" 200 57 "https://tt-rss.sigstop.co.uk/" "Mozilla/5.0 (X11; Linux x86_64) AppleWebKit/537.36 (KHTML, like Gecko) Chrome/38.0.2125.111 Safari/537.36"
187.121.41.32 - - [04/Nov/2014:20:17:53 +0000] "POST /backend.php HTTP/1.1" 200 4478 "https://tt-rss.sigstop.co.uk/" "Mozilla/5.0 (X11; Linux x86_64) AppleWebKit/537.36 (KHTML, like Gecko) Chrome/38.0.2125.111 Safari/537.36"
187.121.41.32 - - [04/Nov/2014:20:17:54 +0000] "POST /backend.php HTTP/1.1" 200 57 "https://tt-rss.sigstop.co.uk/" "Mozilla/5.0 (X11; Linux x86_64) AppleWebKit/537.36 (KHTML, like Gecko) Chrome/38.0.2125.111 Safari/537.36"
187.121.41.32 - - [04/Nov/2014:20:17:55 +0000] "POST /backend.php HTTP/1.1" 200 4478 "https://tt-rss.sigstop.co.uk/" "Mozilla/5.0 (X11; Linux x86_64) AppleWebKit/537.36 (KHTML, like Gecko) Chrome/38.0.2125.111 Safari/537.36"
187.121.41.32 - - [04/Nov/2014:20:17:55 +0000] "POST /backend.php HTTP/1.1" 200 57 "https://tt-rss.sigstop.co.uk/" "Mozilla/5.0 (X11; Linux x86_64) AppleWebKit/537.36 (KHTML, like Gecko) Chrome/38.0.2125.111 Safari/537.36"
187.121.41.32 - - [04/Nov/2014:20:17:56 +0000] "POST /backend.php HTTP/1.1" 200 4478 "https://tt-rss.sigstop.co.uk/" "Mozilla/5.0 (X11; Linux x86_64) AppleWebKit/537.36 (KHTML, like Gecko) Chrome/38.0.2125.111 Safari/537.36"
187.121.41.32 - - [04/Nov/2014:20:17:59 +0000] "POST /backend.php HTTP/1.1" 200 57 "https://tt-rss.sigstop.co.uk/" "Mozilla/5.0 (X11; Linux x86_64) AppleWebKit/537.36 (KHTML, like Gecko) Chrome/38.0.2125.111 Safari/537.36"
187.121.41.32 - - [04/Nov/2014:20:17:59 +0000] "POST /backend.php HTTP/1.1" 200 57 "https://tt-rss.sigstop.co.uk/" "Mozilla/5.0 (X11; Linux x86_64) AppleWebKit/537.36 (KHTML, like Gecko) Chrome/38.0.2125.111 Safari/537.36"
187.121.41.32 - - [04/Nov/2014:20:17:59 +0000] "POST /backend.php HTTP/1.1" 200 4478 "https://tt-rss.sigstop.co.uk/" "Mozilla/5.0 (X11; Linux x86_64) AppleWebKit/537.36 (KHTML, like Gecko) Chrome/38.0.2125.111 Safari/537.36"
187.121.41.32 - - [04/Nov/2014:20:18:00 +0000] "POST /backend.php HTTP/1.1" 200 4478 "https://tt-rss.sigstop.co.uk/" "Mozilla/5.0 (X11; Linux x86_64) AppleWebKit/537.36 (KHTML, like Gecko) Chrome/38.0.2125.111 Safari/537.36"
187.121.41.32 - fornellas [04/Nov/2014:20:18:00 +0000] "PROPFIND /remote.php/webdav/ HTTP/1.1" 207 1193 "-" "Mozilla/5.0 (Linux) mirall/1.6.4"
187.121.41.32 - - [04/Nov/2014:20:18:03 +0000] "POST /backend.php HTTP/1.1" 200 57 "https://tt-rss.sigstop.co.uk/" "Mozilla/5.0 (X11; Linux x86_64) AppleWebKit/537.36 (KHTML, like Gecko) Chrome/38.0.2125.111 Safari/537.36"
187.121.41.32 - - [04/Nov/2014:20:18:04 +0000] "POST /backend.php HTTP/1.1" 200 4478 "https://tt-rss.sigstop.co.uk/" "Mozilla/5.0 (X11; Linux x86_64) AppleWebKit/537.36 (KHTML, like Gecko) Chrome/38.0.2125.111 Safari/537.36"
187.121.41.32 - - [04/Nov/2014:20:18:07 +0000] "POST /backend.php HTTP/1.1" 200 57 "https://tt-rss.sigstop.co.uk/" "Mozilla/5.0 (X11; Linux x86_64) AppleWebKit/537.36 (KHTML, like Gecko) Chrome/38.0.2125.111 Safari/537.36"
187.121.41.32 - - [04/Nov/2014:20:18:07 +0000] "POST /backend.php HTTP/1.1" 200 4478 "https://tt-rss.sigstop.co.uk/" "Mozilla/5.0 (X11; Linux x86_64) AppleWebKit/537.36 (KHTML, like Gecko) Chrome/38.0.2125.111 Safari/537.36"
187.121.41.32 - fornellas [04/Nov/2014:20:18:08 +0000] "PROPFIND /remote.php/webdav/ HTTP/1.1" 207 490 "-" "Mozilla/5.0 (Linux) mirall/1.6.4"
187.121.41.32 - - [04/Nov/2014:20:18:13 +0000] "POST /backend.php HTTP/1.1" 200 57 "https://tt-rss.sigstop.co.uk/" "Mozilla/5.0 (X11; Linux x86_64) AppleWebKit/537.36 (KHTML, like Gecko) Chrome/38.0.2125.111 Safari/537.36"
187.121.41.32 - - [04/Nov/2014:20:18:13 +0000] "POST /backend.php HTTP/1.1" 200 4478 "https://tt-rss.sigstop.co.uk/" "Mozilla/5.0 (X11; Linux x86_64) AppleWebKit/537.36 (KHTML, like Gecko) Chrome/38.0.2125.111 Safari/537.36"
50.112.95.211 - - [04/Nov/2014:20:18:20 +0000] "GET / HTTP/1.0" 200 8325 "-" "NewRelicPinger/1.0 (763197)"
187.121.41.32 - - [04/Nov/2014:20:18:25 +0000] "POST /backend.php HTTP/1.1" 200 57 "https://tt-rss.sigstop.co.uk/" "Mozilla/5.0 (X11; Linux x86_64) AppleWebKit/537.36 (KHTML, like Gecko) Chrome/38.0.2125.111 Safari/537.36"
187.121.41.32 - - [04/Nov/2014:20:18:25 +0000] "POST /backend.php HTTP/1.1" 200 4478 "https://tt-rss.sigstop.co.uk/" "Mozilla/5.0 (X11; Linux x86_64) AppleWebKit/537.36 (KHTML, like Gecko) Chrome/38.0.2125.111 Safari/537.36"
187.121.41.32 - - [04/Nov/2014:20:18:27 +0000] "POST /backend.php HTTP/1.1" 200 57 "https://tt-rss.sigstop.co.uk/" "Mozilla/5.0 (X11; Linux x86_64) AppleWebKit/537.36 (KHTML, like Gecko) Chrome/38.0.2125.111 Safari/537.36"
187.121.41.32 - - [04/Nov/2014:20:18:27 +0000] "POST /backend.php HTTP/1.1" 200 4478 "https://tt-rss.sigstop.co.uk/" "Mozilla/5.0 (X11; Linux x86_64) AppleWebKit/537.36 (KHTML, like Gecko) Chrome/38.0.2125.111 Safari/537.36"
187.121.41.32 - - [04/Nov/2014:20:18:27 +0000] "POST /backend.php HTTP/1.1" 200 57 "https://tt-rss.sigstop.co.uk/" "Mozilla/5.0 (X11; Linux x86_64) AppleWebKit/537.36 (KHTML, like Gecko) Chrome/38.0.2125.111 Safari/537.36"
187.121.41.32 - - [04/Nov/2014:20:18:28 +0000] "POST /backend.php HTTP/1.1" 200 4478 "https://tt-rss.sigstop.co.uk/" "Mozilla/5.0 (X11; Linux x86_64) AppleWebKit/537.36 (KHTML, like Gecko) Chrome/38.0.2125.111 Safari/537.36"
187.121.41.32 - - [04/Nov/2014:20:18:28 +0000] "POST /backend.php HTTP/1.1" 200 57 "https://tt-rss.sigstop.co.uk/" "Mozilla/5.0 (X11; Linux x86_64) AppleWebKit/537.36 (KHTML, like Gecko) Chrome/38.0.2125.111 Safari/537.36"
187.121.41.32 - - [04/Nov/2014:20:18:29 +0000] "POST /backend.php HTTP/1.1" 200 4478 "https://tt-rss.sigstop.co.uk/" "Mozilla/5.0 (X11; Linux x86_64) AppleWebKit/537.36 (KHTML, like Gecko) Chrome/38.0.2125.111 Safari/537.36"
187.121.41.32 - - [04/Nov/2014:20:18:29 +0000] "POST /backend.php HTTP/1.1" 200 57 "https://tt-rss.sigstop.co.uk/" "Mozilla/5.0 (X11; Linux x86_64) AppleWebKit/537.36 (KHTML, like Gecko) Chrome/38.0.2125.111 Safari/537.36"
187.121.41.32 - - [04/Nov/2014:20:18:30 +0000] "POST /backend.php HTTP/1.1" 200 4478 "https://tt-rss.sigstop.co.uk/" "Mozilla/5.0 (X11; Linux x86_64) AppleWebKit/537.36 (KHTML, like Gecko) Chrome/38.0.2125.111 Safari/537.36"
187.121.41.32 - - [04/Nov/2014:20:18:34 +0000] "PROPFIND /remote.php/webdav HTTP/1.1" 207 2081 "-" "Mozilla/5.0 (Linux) csyncoC/0.91.5 neon/0.30.0"
54.247.188.179 - - [04/Nov/2014:20:18:34 +0000] "GET / HTTP/1.0" 200 8325 "-" "NewRelicPinger/1.0 (763197)"
187.121.41.32 - - [04/Nov/2014:20:18:35 +0000] "POST /backend.php HTTP/1.1" 200 57 "https://tt-rss.sigstop.co.uk/" "Mozilla/5.0 (X11; Linux x86_64) AppleWebKit/537.36 (KHTML, like Gecko) Chrome/38.0.2125.111 Safari/537.36"
187.121.41.32 - - [04/Nov/2014:20:18:35 +0000] "POST /backend.php HTTP/1.1" 200 4478 "https://tt-rss.sigstop.co.uk/" "Mozilla/5.0 (X11; Linux x86_64) AppleWebKit/537.36 (KHTML, like Gecko) Chrome/38.0.2125.111 Safari/537.36"
50.31.164.139 - - [04/Nov/2014:20:18:38 +0000] "GET / HTTP/1.0" 200 8325 "-" "NewRelicPinger/1.0 (763197)"
187.121.41.32 - fornellas [04/Nov/2014:20:18:38 +0000] "PROPFIND /remote.php/webdav/ HTTP/1.1" 207 490 "-" "Mozilla/5.0 (Linux) mirall/1.6.4"
187.121.41.32 - - [04/Nov/2014:20:18:39 +0000] "POST /backend.php HTTP/1.1" 200 57 "https://tt-rss.sigstop.co.uk/" "Mozilla/5.0 (X11; Linux x86_64) AppleWebKit/537.36 (KHTML, like Gecko) Chrome/38.0.2125.111 Safari/537.36"
187.121.41.32 - - [04/Nov/2014:20:18:40 +0000] "POST /backend.php HTTP/1.1" 200 4478 "https://tt-rss.sigstop.co.uk/" "Mozilla/5.0 (X11; Linux x86_64) AppleWebKit/537.36 (KHTML, like Gecko) Chrome/38.0.2125.111 Safari/537.36"
187.121.41.32 - - [04/Nov/2014:20:18:40 +0000] "POST /backend.php HTTP/1.1" 200 57 "https://tt-rss.sigstop.co.uk/" "Mozilla/5.0 (X11; Linux x86_64) AppleWebKit/537.36 (KHTML, like Gecko) Chrome/38.0.2125.111 Safari/537.36"
187.121.41.32 - - [04/Nov/2014:20:18:41 +0000] "POST /backend.php HTTP/1.1" 200 4478 "https://tt-rss.sigstop.co.uk/" "Mozilla/5.0 (X11; Linux x86_64) AppleWebKit/537.36 (KHTML, like Gecko) Chrome/38.0.2125.111 Safari/537.36"
187.121.41.32 - - [04/Nov/2014:20:18:41 +0000] "POST /backend.php HTTP/1.1" 200 57 "https://tt-rss.sigstop.co.uk/" "Mozilla/5.0 (X11; Linux x86_64) AppleWebKit/537.36 (KHTML, like Gecko) Chrome/38.0.2125.111 Safari/537.36"
187.121.41.32 - - [04/Nov/2014:20:18:42 +0000] "POST /backend.php HTTP/1.1" 200 4478 "https://tt-rss.sigstop.co.uk/" "Mozilla/5.0 (X11; Linux x86_64) AppleWebKit/537.36 (KHTML, like Gecko) Chrome/38.0.2125.111 Safari/537.36"
54.251.34.67 - - [04/Nov/2014:20:18:44 +0000] "GET / HTTP/1.0" 200 8325 "-" "NewRelicPinger/1.0 (763197)"
187.121.41.32 - - [04/Nov/2014:20:18:44 +0000] "POST /backend.php HTTP/1.1" 200 57 "https://tt-rss.sigstop.co.uk/" "Mozilla/5.0 (X11; Linux x86_64) AppleWebKit/537.36 (KHTML, like Gecko) Chrome/38.0.2125.111 Safari/537.36"
187.121.41.32 - - [04/Nov/2014:20:18:45 +0000] "POST /backend.php HTTP/1.1" 200 57 "https://tt-rss.sigstop.co.uk/" "Mozilla/5.0 (X11; Linux x86_64) AppleWebKit/537.36 (KHTML, like Gecko) Chrome/38.0.2125.111 Safari/537.36"
187.121.41.32 - - [04/Nov/2014:20:18:45 +0000] "POST /backend.php HTTP/1.1" 200 4478 "https://tt-rss.sigstop.co.uk/" "Mozilla/5.0 (X11; Linux x86_64) AppleWebKit/537.36 (KHTML, like Gecko) Chrome/38.0.2125.111 Safari/537.36"
187.121.41.32 - - [04/Nov/2014:20:18:45 +0000] "POST /backend.php HTTP/1.1" 200 4478 "https://tt-rss.sigstop.co.uk/" "Mozilla/5.0 (X11; Linux x86_64) AppleWebKit/537.36 (KHTML, like Gecko) Chrome/38.0.2125.111 Safari/537.36"
187.121.41.32 - - [04/Nov/2014:20:18:45 +0000] "POST /backend.php HTTP/1.1" 200 57 "https://tt-rss.sigstop.co.uk/" "Mozilla/5.0 (X11; Linux x86_64) AppleWebKit/537.36 (KHTML, like Gecko) Chrome/38.0.2125.111 Safari/537.36"
187.121.41.32 - - [04/Nov/2014:20:18:46 +0000] "POST /backend.php HTTP/1.1" 200 4478 "https://tt-rss.sigstop.co.uk/" "Mozilla/5.0 (X11; Linux x86_64) AppleWebKit/537.36 (KHTML, like Gecko) Chrome/38.0.2125.111 Safari/537.36"
187.121.41.32 - - [04/Nov/2014:20:18:52 +0000] "POST /backend.php HTTP/1.1" 200 57 "https://tt-rss.sigstop.co.uk/" "Mozilla/5.0 (X11; Linux x86_64) AppleWebKit/537.36 (KHTML, like Gecko) Chrome/38.0.2125.111 Safari/537.36"
187.121.41.32 - - [04/Nov/2014:20:18:53 +0000] "POST /backend.php HTTP/1.1" 200 4478 "https://tt-rss.sigstop.co.uk/" "Mozilla/5.0 (X11; Linux x86_64) AppleWebKit/537.36 (KHTML, like Gecko) Chrome/38.0.2125.111 Safari/537.36"
187.121.41.32 - - [04/Nov/2014:20:19:01 +0000] "POST /backend.php HTTP/1.1" 200 57 "https://tt-rss.sigstop.co.uk/" "Mozilla/5.0 (X11; Linux x86_64) AppleWebKit/537.36 (KHTML, like Gecko) Chrome/38.0.2125.111 Safari/537.36"
187.121.41.32 - - [04/Nov/2014:20:19:01 +0000] "POST /backend.php HTTP/1.1" 200 4478 "https://tt-rss.sigstop.co.uk/" "Mozilla/5.0 (X11; Linux x86_64) AppleWebKit/537.36 (KHTML, like Gecko) Chrome/38.0.2125.111 Safari/537.36"
187.121.41.32 - - [04/Nov/2014:20:19:02 +0000] "POST /backend.php HTTP/1.1" 200 57 "https://tt-rss.sigstop.co.uk/" "Mozilla/5.0 (X11; Linux x86_64) AppleWebKit/537.36 (KHTML, like Gecko) Chrome/38.0.2125.111 Safari/537.36"
187.121.41.32 - - [04/Nov/2014:20:19:03 +0000] "POST /backend.php HTTP/1.1" 200 4478 "https://tt-rss.sigstop.co.uk/" "Mozilla/5.0 (X11; Linux x86_64) AppleWebKit/537.36 (KHTML, like Gecko) Chrome/38.0.2125.111 Safari/537.36"
187.121.41.32 - - [04/Nov/2014:20:19:03 +0000] "POST /backend.php HTTP/1.1" 200 57 "https://tt-rss.sigstop.co.uk/" "Mozilla/5.0 (X11; Linux x86_64) AppleWebKit/537.36 (KHTML, like Gecko) Chrome/38.0.2125.111 Safari/537.36"
187.121.41.32 - - [04/Nov/2014:20:19:04 +0000] "POST /backend.php HTTP/1.1" 200 4478 "https://tt-rss.sigstop.co.uk/" "Mozilla/5.0 (X11; Linux x86_64) AppleWebKit/537.36 (KHTML, like Gecko) Chrome/38.0.2125.111 Safari/537.36"
187.121.41.32 - fornellas [04/Nov/2014:20:19:05 +0000] "PROPFIND /remote.php/webdav/ HTTP/1.1" 207 1193 "-" "Mozilla/5.0 (Linux) mirall/1.6.4"
187.121.41.32 - fornellas [04/Nov/2014:20:19:09 +0000] "PROPFIND /remote.php/webdav/ HTTP/1.1" 207 490 "-" "Mozilla/5.0 (Linux) mirall/1.6.4"
187.121.41.32 - - [04/Nov/2014:20:19:14 +0000] "POST /backend.php HTTP/1.1" 200 165 "https://tt-rss.sigstop.co.uk/" "Mozilla/5.0 (X11; Linux x86_64) AppleWebKit/537.36 (KHTML, like Gecko) Chrome/38.0.2125.111 Safari/537.36"
184.73.237.85 - - [04/Nov/2014:20:19:25 +0000] "GET / HTTP/1.0" 200 8325 "-" "NewRelicPinger/1.0 (763197)"
187.121.41.32 - fornellas [04/Nov/2014:20:19:35 +0000] "PROPFIND /remote.php/webdav/ HTTP/1.1" 207 1193 "-" "Mozilla/5.0 (Linux) mirall/1.6.4"
187.121.41.32 - fornellas [04/Nov/2014:20:19:39 +0000] "PROPFIND /remote.php/webdav/ HTTP/1.1" 207 490 "-" "Mozilla/5.0 (Linux) mirall/1.6.4"
187.121.41.32 - - [04/Nov/2014:20:19:40 +0000] "GET /depot/571/chunk/df8d1cffa1384ab8847d0bba2fe956c88992db12?token=exp=1415458107~acl=/depot/571/*~hmac=3fd9e3f76333ce73f0312c3a9f164d524e7595d3 HTTP/1.1" 301 184 "-" "Valve/Steam HTTP Client 1.0"
187.121.41.32 - - [04/Nov/2014:20:19:40 +0000] "GET /depot/571/chunk/cc1bb064f939803582b310b9e159444bef4f45c2?token=exp=1415458107~acl=/depot/571/*~hmac=3fd9e3f76333ce73f0312c3a9f164d524e7595d3 HTTP/1.1" 301 184 "-" "Valve/Steam HTTP Client 1.0"
187.121.41.32 - - [04/Nov/2014:20:19:41 +0000] "GET /depot/571/chunk/df8d1cffa1384ab8847d0bba2fe956c88992db12?token=exp=1415458107~acl=/depot/571/*~hmac=3fd9e3f76333ce73f0312c3a9f164d524e7595d3 HTTP/1.1" 404 2480 "-" "Valve/Steam HTTP Client 1.0"
187.121.41.32 - - [04/Nov/2014:20:19:41 +0000] "GET /depot/571/chunk/cc1bb064f939803582b310b9e159444bef4f45c2?token=exp=1415458107~acl=/depot/571/*~hmac=3fd9e3f76333ce73f0312c3a9f164d524e7595d3 HTTP/1.1" 404 2478 "-" "Valve/Steam HTTP Client 1.0"
187.121.41.32 - - [04/Nov/2014:20:19:56 +0000] "GET /depot/577/chunk/411ab0401db06968ff0b34cdebb01c25d98a84f5 HTTP/1.1" 301 184 "-" "Valve/Steam HTTP Client 1.0"
187.121.41.32 - - [04/Nov/2014:20:19:56 +0000] "GET /depot/577/chunk/411ab0401db06968ff0b34cdebb01c25d98a84f5 HTTP/1.1" 404 2478 "-" "Valve/Steam HTTP Client 1.0"
187.121.41.32 - fornellas [04/Nov/2014:20:20:05 +0000] "PROPFIND /remote.php/webdav/ HTTP/1.1" 207 1193 "-" "Mozilla/5.0 (Linux) mirall/1.6.4"
187.121.41.32 - fornellas [04/Nov/2014:20:20:09 +0000] "PROPFIND /remote.php/webdav/ HTTP/1.1" 207 490 "-" "Mozilla/5.0 (Linux) mirall/1.6.4"
187.121.41.32 - - [04/Nov/2014:20:20:15 +0000] "POST /backend.php HTTP/1.1" 200 4478 "https://tt-rss.sigstop.co.uk/" "Mozilla/5.0 (X11; Linux x86_64) AppleWebKit/537.36 (KHTML, like Gecko) Chrome/38.0.2125.111 Safari/537.36"
192.81.212.55 - - [04/Nov/2014:20:20:20 +0000] "GET /site2rss/myrcmart.xml HTTP/1.1" 200 69803 "-" "Tiny Tiny RSS/1.14 (http://tt-rss.org/)"
187.121.41.32 - fornellas [04/Nov/2014:20:20:35 +0000] "PROPFIND /remote.php/webdav/ HTTP/1.1" 207 1193 "-" "Mozilla/5.0 (Linux) mirall/1.6.4"
187.121.41.32 - fornellas [04/Nov/2014:20:20:40 +0000] "PROPFIND /remote.php/webdav/ HTTP/1.1" 207 490 "-" "Mozilla/5.0 (Linux) mirall/1.6.4"
54.248.250.232 - - [04/Nov/2014:20:20:45 +0000] "GET / HTTP/1.0" 200 8325 "-" "NewRelicPinger/1.0 (763197)"
187.121.41.32 - fornellas [04/Nov/2014:20:21:05 +0000] "PROPFIND /remote.php/webdav/ HTTP/1.1" 207 1193 "-" "Mozilla/5.0 (Linux) mirall/1.6.4"
187.121.41.32 - fornellas [04/Nov/2014:20:21:10 +0000] "PROPFIND /remote.php/webdav/ HTTP/1.1" 207 490 "-" "Mozilla/5.0 (Linux) mirall/1.6.4"
192.81.212.55 - - [04/Nov/2014:20:21:12 +0000] "GET /site2rss/banggood_rc_toys_and_hobbies.xml HTTP/1.1" 200 0 "-" "Tiny Tiny RSS/1.14 (http://tt-rss.org/)"
187.121.41.32 - - [04/Nov/2014:20:21:16 +0000] "POST /backend.php HTTP/1.1" 200 165 "https://tt-rss.sigstop.co.uk/" "Mozilla/5.0 (X11; Linux x86_64) AppleWebKit/537.36 (KHTML, like Gecko) Chrome/38.0.2125.111 Safari/537.36"
50.112.95.211 - - [04/Nov/2014:20:21:20 +0000] "GET / HTTP/1.0" 200 8325 "-" "NewRelicPinger/1.0 (763197)"
65.19.138.34 - - [04/Nov/2014:20:21:33 +0000] "GET /site2rss/elecfreaks.xml HTTP/1.1" 200 76055 "-" "Feedly/1.0 (+http://www.feedly.com/fetcher.html; like FeedFetcher-Google)"
187.121.41.32 - fornellas [04/Nov/2014:20:21:35 +0000] "PROPFIND /remote.php/webdav/ HTTP/1.1" 207 1193 "-" "Mozilla/5.0 (Linux) mirall/1.6.4"
54.247.188.179 - - [04/Nov/2014:20:21:36 +0000] "GET / HTTP/1.0" 200 8325 "-" "NewRelicPinger/1.0 (763197)"
50.31.164.139 - - [04/Nov/2014:20:21:37 +0000] "GET / HTTP/1.0" 200 8325 "-" "NewRelicPinger/1.0 (763197)"
187.121.41.32 - fornellas [04/Nov/2014:20:21:41 +0000] "PROPFIND /remote.php/webdav/ HTTP/1.1" 207 490 "-" "Mozilla/5.0 (Linux) mirall/1.6.4"
54.251.34.67 - - [04/Nov/2014:20:21:44 +0000] "GET / HTTP/1.0" 200 8325 "-" "NewRelicPinger/1.0 (763197)"
187.121.41.32 - fornellas [04/Nov/2014:20:22:05 +0000] "PROPFIND /remote.php/webdav/ HTTP/1.1" 207 1193 "-" "Mozilla/5.0 (Linux) mirall/1.6.4"
187.121.41.32 - fornellas [04/Nov/2014:20:22:11 +0000] "PROPFIND /remote.php/webdav/ HTTP/1.1" 207 490 "-" "Mozilla/5.0 (Linux) mirall/1.6.4"
187.121.41.32 - - [04/Nov/2014:20:22:17 +0000] "POST /backend.php HTTP/1.1" 200 165 "https://tt-rss.sigstop.co.uk/" "Mozilla/5.0 (X11; Linux x86_64) AppleWebKit/537.36 (KHTML, like Gecko) Chrome/38.0.2125.111 Safari/537.36"
65.19.138.33 - - [04/Nov/2014:20:22:17 +0000] "GET /site2rss/myrcmart.xml HTTP/1.1" 200 69803 "-" "Feedly/1.0 (+http://www.feedly.com/fetcher.html; like FeedFetcher-Google)"
184.73.237.85 - - [04/Nov/2014:20:22:25 +0000] "GET / HTTP/1.0" 200 8325 "-" "NewRelicPinger/1.0 (763197)"
187.121.41.32 - fornellas [04/Nov/2014:20:22:35 +0000] "PROPFIND /remote.php/webdav/ HTTP/1.1" 207 1193 "-" "Mozilla/5.0 (Linux) mirall/1.6.4"
187.121.41.32 - fornellas [04/Nov/2014:20:22:42 +0000] "PROPFIND /remote.php/webdav/ HTTP/1.1" 207 490 "-" "Mozilla/5.0 (Linux) mirall/1.6.4"
187.121.41.32 - fornellas [04/Nov/2014:20:23:05 +0000] "PROPFIND /remote.php/webdav/ HTTP/1.1" 207 1193 "-" "Mozilla/5.0 (Linux) mirall/1.6.4"
187.121.41.32 - fornellas [04/Nov/2014:20:23:12 +0000] "PROPFIND /remote.php/webdav/ HTTP/1.1" 207 490 "-" "Mozilla/5.0 (Linux) mirall/1.6.4"
187.121.41.32 - - [04/Nov/2014:20:23:18 +0000] "POST /backend.php HTTP/1.1" 200 165 "https://tt-rss.sigstop.co.uk/" "Mozilla/5.0 (X11; Linux x86_64) AppleWebKit/537.36 (KHTML, like Gecko) Chrome/38.0.2125.111 Safari/537.36"
187.121.41.32 - - [04/Nov/2014:20:23:37 +0000] "PROPFIND /remote.php/webdav HTTP/1.1" 207 2081 "-" "Mozilla/5.0 (Linux) csyncoC/0.91.5 neon/0.30.0"
187.121.41.32 - fornellas [04/Nov/2014:20:23:43 +0000] "PROPFIND /remote.php/webdav/ HTTP/1.1" 207 490 "-" "Mozilla/5.0 (Linux) mirall/1.6.4"
54.248.250.232 - - [04/Nov/2014:20:23:45 +0000] "GET / HTTP/1.0" 200 8325 "-" "NewRelicPinger/1.0 (763197)"
187.121.41.32 - fornellas [04/Nov/2014:20:24:08 +0000] "PROPFIND /remote.php/webdav/ HTTP/1.1" 207 1193 "-" "Mozilla/5.0 (Linux) mirall/1.6.4"
187.121.41.32 - fornellas [04/Nov/2014:20:24:13 +0000] "PROPFIND /remote.php/webdav/ HTTP/1.1" 207 490 "-" "Mozilla/5.0 (Linux) mirall/1.6.4"
187.121.41.32 - - [04/Nov/2014:20:24:18 +0000] "POST /backend.php HTTP/1.1" 200 165 "https://tt-rss.sigstop.co.uk/" "Mozilla/5.0 (X11; Linux x86_64) AppleWebKit/537.36 (KHTML, like Gecko) Chrome/38.0.2125.111 Safari/537.36"
50.112.95.211 - - [04/Nov/2014:20:24:21 +0000] "GET / HTTP/1.0" 200 8325 "-" "NewRelicPinger/1.0 (763197)"
54.247.188.179 - - [04/Nov/2014:20:24:34 +0000] "GET / HTTP/1.0" 200 8325 "-" "NewRelicPinger/1.0 (763197)"
50.31.164.139 - - [04/Nov/2014:20:24:37 +0000] "GET / HTTP/1.0" 200 8325 "-" "NewRelicPinger/1.0 (763197)"
187.121.41.32 - fornellas [04/Nov/2014:20:24:38 +0000] "PROPFIND /remote.php/webdav/ HTTP/1.1" 207 1193 "-" "Mozilla/5.0 (Linux) mirall/1.6.4"
187.121.41.32 - fornellas [04/Nov/2014:20:24:44 +0000] "PROPFIND /remote.php/webdav/ HTTP/1.1" 207 490 "-" "Mozilla/5.0 (Linux) mirall/1.6.4"
54.251.34.67 - - [04/Nov/2014:20:24:44 +0000] "GET / HTTP/1.0" 200 8325 "-" "NewRelicPinger/1.0 (763197)"
187.121.41.32 - fornellas [04/Nov/2014:20:25:09 +0000] "PROPFIND /remote.php/webdav/ HTTP/1.1" 207 1193 "-" "Mozilla/5.0 (Linux) mirall/1.6.4"
187.121.41.32 - fornellas [04/Nov/2014:20:25:14 +0000] "PROPFIND /remote.php/webdav/ HTTP/1.1" 207 490 "-" "Mozilla/5.0 (Linux) mirall/1.6.4"
187.121.41.32 - - [04/Nov/2014:20:25:18 +0000] "POST /backend.php HTTP/1.1" 200 4478 "https://tt-rss.sigstop.co.uk/" "Mozilla/5.0 (X11; Linux x86_64) AppleWebKit/537.36 (KHTML, like Gecko) Chrome/38.0.2125.111 Safari/537.36"
184.73.237.85 - - [04/Nov/2014:20:25:25 +0000] "GET / HTTP/1.0" 200 8325 "-" "NewRelicPinger/1.0 (763197)"
187.121.41.32 - fornellas [04/Nov/2014:20:25:38 +0000] "PROPFIND /remote.php/webdav/ HTTP/1.1" 207 1193 "-" "Mozilla/5.0 (Linux) mirall/1.6.4"
187.121.41.32 - fornellas [04/Nov/2014:20:25:44 +0000] "PROPFIND /remote.php/webdav/ HTTP/1.1" 207 490 "-" "Mozilla/5.0 (Linux) mirall/1.6.4"
187.121.41.32 - fornellas [04/Nov/2014:20:26:08 +0000] "PROPFIND /remote.php/webdav/ HTTP/1.1" 207 1193 "-" "Mozilla/5.0 (Linux) mirall/1.6.4"
187.121.41.32 - fornellas [04/Nov/2014:20:26:15 +0000] "PROPFIND /remote.php/webdav/ HTTP/1.1" 207 490 "-" "Mozilla/5.0 (Linux) mirall/1.6.4"
187.121.41.32 - - [04/Nov/2014:20:26:18 +0000] "POST /backend.php HTTP/1.1" 200 165 "https://tt-rss.sigstop.co.uk/" "Mozilla/5.0 (X11; Linux x86_64) AppleWebKit/537.36 (KHTML, like Gecko) Chrome/38.0.2125.111 Safari/537.36"
187.121.41.32 - fornellas [04/Nov/2014:20:26:38 +0000] "PROPFIND /remote.php/webdav/ HTTP/1.1" 207 1193 "-" "Mozilla/5.0 (Linux) mirall/1.6.4"
54.248.250.232 - - [04/Nov/2014:20:26:45 +0000] "GET / HTTP/1.0" 200 8325 "-" "NewRelicPinger/1.0 (763197)"
187.121.41.32 - fornellas [04/Nov/2014:20:26:45 +0000] "PROPFIND /remote.php/webdav/ HTTP/1.1" 207 490 "-" "Mozilla/5.0 (Linux) mirall/1.6.4"
187.121.41.32 - fornellas [04/Nov/2014:20:27:08 +0000] "PROPFIND /remote.php/webdav/ HTTP/1.1" 207 1193 "-" "Mozilla/5.0 (Linux) mirall/1.6.4"
187.121.41.32 - fornellas [04/Nov/2014:20:27:16 +0000] "PROPFIND /remote.php/webdav/ HTTP/1.1" 207 490 "-" "Mozilla/5.0 (Linux) mirall/1.6.4"
187.121.41.32 - - [04/Nov/2014:20:27:19 +0000] "POST /backend.php HTTP/1.1" 200 165 "https://tt-rss.sigstop.co.uk/" "Mozilla/5.0 (X11; Linux x86_64) AppleWebKit/537.36 (KHTML, like Gecko) Chrome/38.0.2125.111 Safari/537.36"
50.112.95.211 - - [04/Nov/2014:20:27:21 +0000] "GET / HTTP/1.0" 200 8325 "-" "NewRelicPinger/1.0 (763197)"
54.247.188.179 - - [04/Nov/2014:20:27:36 +0000] "GET / HTTP/1.0" 200 8325 "-" "NewRelicPinger/1.0 (763197)"
50.31.164.139 - - [04/Nov/2014:20:27:38 +0000] "GET / HTTP/1.0" 200 8325 "-" "NewRelicPinger/1.0 (763197)"
187.121.41.32 - fornellas [04/Nov/2014:20:27:38 +0000] "PROPFIND /remote.php/webdav/ HTTP/1.1" 207 1193 "-" "Mozilla/5.0 (Linux) mirall/1.6.4"
54.251.34.67 - - [04/Nov/2014:20:27:44 +0000] "GET / HTTP/1.0" 200 8325 "-" "NewRelicPinger/1.0 (763197)"
187.121.41.32 - fornellas [04/Nov/2014:20:27:46 +0000] "PROPFIND /remote.php/webdav/ HTTP/1.1" 207 490 "-" "Mozilla/5.0 (Linux) mirall/1.6.4"
187.121.41.32 - fornellas [04/Nov/2014:20:28:08 +0000] "PROPFIND /remote.php/webdav/ HTTP/1.1" 207 1193 "-" "Mozilla/5.0 (Linux) mirall/1.6.4"
187.121.41.32 - fornellas [04/Nov/2014:20:28:17 +0000] "PROPFIND /remote.php/webdav/ HTTP/1.1" 207 490 "-" "Mozilla/5.0 (Linux) mirall/1.6.4"
187.121.41.32 - - [04/Nov/2014:20:28:19 +0000] "POST /backend.php HTTP/1.1" 200 165 "https://tt-rss.sigstop.co.uk/" "Mozilla/5.0 (X11; Linux x86_64) AppleWebKit/537.36 (KHTML, like Gecko) Chrome/38.0.2125.111 Safari/537.36"
184.73.237.85 - - [04/Nov/2014:20:28:26 +0000] "GET / HTTP/1.0" 200 8325 "-" "NewRelicPinger/1.0 (763197)"
187.121.41.32 - - [04/Nov/2014:20:28:40 +0000] "PROPFIND /remote.php/webdav HTTP/1.1" 207 2081 "-" "Mozilla/5.0 (Linux) csyncoC/0.91.5 neon/0.30.0"
187.121.41.32 - fornellas [04/Nov/2014:20:28:47 +0000] "PROPFIND /remote.php/webdav/ HTTP/1.1" 207 490 "-" "Mozilla/5.0 (Linux) mirall/1.6.4"
187.121.41.32 - fornellas [04/Nov/2014:20:29:11 +0000] "PROPFIND /remote.php/webdav/ HTTP/1.1" 207 1193 "-" "Mozilla/5.0 (Linux) mirall/1.6.4"
187.121.41.32 - fornellas [04/Nov/2014:20:29:17 +0000] "PROPFIND /remote.php/webdav/ HTTP/1.1" 207 490 "-" "Mozilla/5.0 (Linux) mirall/1.6.4"
187.121.41.32 - - [04/Nov/2014:20:29:19 +0000] "POST /backend.php HTTP/1.1" 200 165 "https://tt-rss.sigstop.co.uk/" "Mozilla/5.0 (X11; Linux x86_64) AppleWebKit/537.36 (KHTML, like Gecko) Chrome/38.0.2125.111 Safari/537.36"
187.121.41.32 - fornellas [04/Nov/2014:20:29:41 +0000] "PROPFIND /remote.php/webdav/ HTTP/1.1" 207 1193 "-" "Mozilla/5.0 (Linux) mirall/1.6.4"
54.248.250.232 - - [04/Nov/2014:20:29:45 +0000] "GET / HTTP/1.0" 200 8325 "-" "NewRelicPinger/1.0 (763197)"
187.121.41.32 - fornellas [04/Nov/2014:20:29:48 +0000] "PROPFIND /remote.php/webdav/ HTTP/1.1" 207 490 "-" "Mozilla/5.0 (Linux) mirall/1.6.4"
187.121.41.32 - fornellas [04/Nov/2014:20:30:11 +0000] "PROPFIND /remote.php/webdav/ HTTP/1.1" 207 1193 "-" "Mozilla/5.0 (Linux) mirall/1.6.4"
187.121.41.32 - fornellas [04/Nov/2014:20:30:18 +0000] "PROPFIND /remote.php/webdav/ HTTP/1.1" 207 490 "-" "Mozilla/5.0 (Linux) mirall/1.6.4"
187.121.41.32 - - [04/Nov/2014:20:30:19 +0000] "POST /backend.php HTTP/1.1" 200 165 "https://tt-rss.sigstop.co.uk/" "Mozilla/5.0 (X11; Linux x86_64) AppleWebKit/537.36 (KHTML, like Gecko) Chrome/38.0.2125.111 Safari/537.36"
50.112.95.211 - - [04/Nov/2014:20:30:21 +0000] "GET / HTTP/1.0" 200 8325 "-" "NewRelicPinger/1.0 (763197)"
54.247.188.179 - - [04/Nov/2014:20:30:34 +0000] "GET / HTTP/1.0" 200 8325 "-" "NewRelicPinger/1.0 (763197)"
50.31.164.139 - - [04/Nov/2014:20:30:37 +0000] "GET / HTTP/1.0" 200 8325 "-" "NewRelicPinger/1.0 (763197)"
187.121.41.32 - fornellas [04/Nov/2014:20:30:41 +0000] "PROPFIND /remote.php/webdav/ HTTP/1.1" 207 1193 "-" "Mozilla/5.0 (Linux) mirall/1.6.4"
54.251.34.67 - - [04/Nov/2014:20:30:45 +0000] "GET / HTTP/1.0" 200 8325 "-" "NewRelicPinger/1.0 (763197)"
187.121.41.32 - fornellas [04/Nov/2014:20:30:49 +0000] "PROPFIND /remote.php/webdav/ HTTP/1.1" 207 490 "-" "Mozilla/5.0 (Linux) mirall/1.6.4"
192.81.212.55 - - [04/Nov/2014:20:31:02 +0000] "GET /site2rss/elecfreaks.xml HTTP/1.1" 200 76069 "-" "Tiny Tiny RSS/1.14 (http://tt-rss.org/)"
187.121.41.32 - fornellas [04/Nov/2014:20:31:11 +0000] "PROPFIND /remote.php/webdav/ HTTP/1.1" 207 1193 "-" "Mozilla/5.0 (Linux) mirall/1.6.4"
187.121.41.32 - - [04/Nov/2014:20:31:19 +0000] "POST /backend.php HTTP/1.1" 200 165 "https://tt-rss.sigstop.co.uk/" "Mozilla/5.0 (X11; Linux x86_64) AppleWebKit/537.36 (KHTML, like Gecko) Chrome/38.0.2125.111 Safari/537.36"
